%!Adobe-FontList 1.14
%Locale:0x804

%BeginFont
Handler:DirectoryHandler
FontType:Invalid
OutlineFileName:E:\material\GUI\0.gui design\Font\CenturyGothic_12pt.xbf
FileModTime:1447588012
%EndFont

%BeginFont
Handler:DirectoryHandler
FontType:Invalid
OutlineFileName:E:\material\GUI\0.gui design\Font\CenturyGothic_12pt_B.xbf
FileModTime:1447588040
%EndFont

%BeginFont
Handler:DirectoryHandler
FontType:Invalid
OutlineFileName:E:\material\GUI\0.gui design\Font\CenturyGothic_32pt.xbf
FileModTime:1447587990
%EndFont

%BeginFont
Handler:DirectoryHandler
FontType:Invalid
OutlineFileName:E:\material\GUI\0.gui design\Font\CenturyGothic_32pt_B.xbf
FileModTime:1447587960
%EndFont

%BeginFont
Handler:DirectoryHandler
FontType:Invalid
OutlineFileName:E:\material\GUI\0.gui design\Font\CenturyGothic_8pt.xbf
FileModTime:1447667820
%EndFont

%BeginFont
Handler:DirectoryHandler
FontType:Invalid
OutlineFileName:E:\material\GUI\0.gui design\Font\yahei_10pt.xbf
FileModTime:1448284139
%EndFont

%BeginFont
Handler:DirectoryHandler
FontType:Invalid
OutlineFileName:E:\material\GUI\0.gui design\Font\yahei_12pt.xbf
FileModTime:1447327794
%EndFont

%BeginFont
Handler:DirectoryHandler
FontType:Invalid
OutlineFileName:E:\material\GUI\0.gui design\Font\yahei_12pt_B.xbf
FileModTime:1447327864
%EndFont

%BeginFont
Handler:DirectoryHandler
FontType:Invalid
OutlineFileName:E:\material\GUI\0.gui design\Font\yahei_48pt.xbf
FileModTime:1447332654
%EndFont

%BeginFont
Handler:DirectoryHandler
FontType:Invalid
OutlineFileName:E:\material\GUI\0.gui design\Font\yahei_48pt_B.xbf
FileModTime:1447327708
%EndFont

