<html>
<body>
<pre>
<h1>µVision Build Log</h1>
<h2>Tool Versions:</h2>
IDE-Version: ¦ÌVision V5.20.0.0
Copyright (C) 2016 ARM Ltd and ARM Germany GmbH. All rights reserved.
License Information: psai don, lool, LIC=ZB463-A6KEZ-PB8EG-V1PXK-BFK83-77IMD
 
Tool Versions:
Toolchain:       MDK-ARM Plus  Version: 5.20
Toolchain Path:  d:\Keil_v5\ARM\ARMCC\Bin
C Compiler:      Armcc.exe V5.06 update 2 (build 183)
Assembler:       Armasm.exe V5.06 update 2 (build 183)
Linker/Locator:  ArmLink.exe V5.06 update 2 (build 183)
Library Manager: ArmAr.exe V5.06 update 2 (build 183)
Hex Converter:   FromElf.exe V5.06 update 2 (build 183)
CPU DLL:         SARMCM3.DLL V5.20
Dialog DLL:      DCM.DLL V1.13.7.0
Target DLL:      Segger\JL2CM3.dll V2.99.20.0
Dialog DLL:      TCM.DLL V1.14.9.0
 
<h2>Project:</h2>
E:\material\glass\workspace\program\17.STM32429+lcos+demo\USER\STM32F429.uvprojx
Project File Date:  05/25/2016

<h2>Output:</h2>
*** Using Compiler 'V5.06 update 2 (build 183)', folder: 'd:\Keil_v5\ARM\ARMCC\Bin'
Build target 'Strive'
compiling system_stm32f4xx.c...
compiling stm32f4xx_it.c...
assembling startup_stm32f4xx.s...
compiling main.c...
..\DEMO\demo.h(28): warning:  #1-D: last line of file ends without a newline
  #endif
main.c(120): warning:  #61-D: integer operation result is out of range
  		draw_nav_line(Points_nav,15,(0xff<<24) | (120<<16) | (120<<8) | 120,7);
main.c(63): warning:  #177-D: variable "j" was declared but never referenced
  	u32 i=0,j=0,dir=1;
main.c(63): warning:  #177-D: variable "dir" was declared but never referenced
  	u32 i=0,j=0,dir=1;
main.c(65): warning:  #550-D: variable "finfo" was set but never used
  	FILINFO finfo;
main.c: 5 warnings, 0 errors
compiling stm32f4xx_gpio.c...
compiling misc.c...
compiling stm32f4xx_rcc.c...
compiling stm32f4xx_fmc.c...
compiling stm32f4xx_fsmc.c...
compiling stm32f4xx_ltdc.c...
compiling stm32f4xx_spi.c...
compiling stm32f4xx_dma2d.c...
compiling delay.c...
compiling SDRAM.c...
compiling NandFlash.c...
compiling W25Qxx.c...
..\MEM\W25Qxx.c(324): warning:  #1-D: last line of file ends without a newline
  }
..\MEM\W25Qxx.c: 1 warning, 0 errors
compiling lcos_300_224.c...
compiling Stm32F429_LCD.c...
compiling GUI_VNC_X.c...
compiling GUI_X.c...
compiling GUIConf.c...
compiling LCDConf.c...
compiling adler32.c...
..\PNG\adler32.c(57): warning:  #1294-D: Old-style function adler32
  uLong ZEXPORT adler32(adler, buf, len)
..\PNG\adler32.c(128): warning:  #1294-D: Old-style function adler32_combine
  uLong ZEXPORT adler32_combine(adler1, adler2, len2)
..\PNG\adler32.c: 2 warnings, 0 errors
compiling compress.c...
..\PNG\compress.c(22): warning:  #1294-D: Old-style function compress2
  int ZEXPORT compress2 (dest, destLen, source, sourceLen, level)
..\PNG\compress.c(62): warning:  #1294-D: Old-style function compress
  int ZEXPORT compress (dest, destLen, source, sourceLen)
..\PNG\compress.c(75): warning:  #1294-D: Old-style function compressBound
  uLong ZEXPORT compressBound (sourceLen)
..\PNG\compress.c: 3 warnings, 0 errors
compiling GUIDRV_Layer1.c...
compiling GUIDRV_Layer0.c...
compiling crc32.c...
..\PNG\crc32.c(219): warning:  #1294-D: Old-style function crc32
  unsigned long ZEXPORT crc32(crc, buf, len)
..\PNG\crc32.c(242): warning:  #111-D: statement is unreachable
      crc = crc ^ 0xffffffffUL;
..\PNG\crc32.c(262): warning:  #1294-D: Old-style function crc32_little
  local unsigned long crc32_little(crc, buf, len)
..\PNG\crc32.c(302): warning:  #1294-D: Old-style function crc32_big
  local unsigned long crc32_big(crc, buf, len)
..\PNG\crc32.c(342): warning:  #1294-D: Old-style function gf2_matrix_times
  local unsigned long gf2_matrix_times(mat, vec)
..\PNG\crc32.c(359): warning:  #1294-D: Old-style function gf2_matrix_square
  local void gf2_matrix_square(square, mat)
..\PNG\crc32.c(370): warning:  #1294-D: Old-style function crc32_combine
  uLong ZEXPORT crc32_combine(crc1, crc2, len2)
..\PNG\crc32.c: 7 warnings, 0 errors
compiling gzio.c...
..\PNG\gzio.c(1035): warning:  #1-D: last line of file ends without a newline
  #endif
..\PNG\gzio.c: 1 warning, 0 errors
compiling deflate.c...
..\PNG\deflate.c(204): warning:  #1294-D: Old-style function deflateInit_
  int ZEXPORT deflateInit_(strm, level, version, stream_size)
..\PNG\deflate.c(216): warning:  #1294-D: Old-style function deflateInit2_
  int ZEXPORT deflateInit2_(strm, level, method, windowBits, memLevel, strategy,
..\PNG\deflate.c(315): warning:  #1294-D: Old-style function deflateSetDictionary
  int ZEXPORT deflateSetDictionary (strm, dictionary, dictLength)
..\PNG\deflate.c(357): warning:  #1294-D: Old-style function deflateReset
  int ZEXPORT deflateReset (strm)
..\PNG\deflate.c(393): warning:  #1294-D: Old-style function deflateSetHeader
  int ZEXPORT deflateSetHeader (strm, head)
..\PNG\deflate.c(404): warning:  #1294-D: Old-style function deflatePrime
  int ZEXPORT deflatePrime (strm, bits, value)
..\PNG\deflate.c(416): warning:  #1294-D: Old-style function deflateParams
  int ZEXPORT deflateParams(strm, level, strategy)
..\PNG\deflate.c(454): warning:  #1294-D: Old-style function deflateTune
  int ZEXPORT deflateTune(strm, good_length, max_lazy, nice_length, max_chain)
..\PNG\deflate.c(489): warning:  #1294-D: Old-style function deflateBound
  uLong ZEXPORT deflateBound(strm, sourceLen)
..\PNG\deflate.c(518): warning:  #1294-D: Old-style function putShortMSB
  local void putShortMSB (s, b)
..\PNG\deflate.c(532): warning:  #1294-D: Old-style function flush_pending
  local void flush_pending(strm)
..\PNG\deflate.c(552): warning:  #1294-D: Old-style function deflate
  int ZEXPORT deflate (strm, flush)
..\PNG\deflate.c(859): warning:  #1294-D: Old-style function deflateEnd
  int ZEXPORT deflateEnd (strm)
..\PNG\deflate.c(894): warning:  #1294-D: Old-style function deflateCopy
  int ZEXPORT deflateCopy (dest, source)
..\PNG\deflate.c(956): warning:  #1294-D: Old-style function read_buf
  local int read_buf(strm, buf, size)
..\PNG\deflate.c(986): warning:  #1294-D: Old-style function lm_init
  local void lm_init (s)
..\PNG\deflate.c(1027): warning:  #1294-D: Old-style function longest_match
  local uInt longest_match(s, cur_match)
..\PNG\deflate.c(1175): warning:  #1294-D: Old-style function longest_match_fast
  local uInt longest_match_fast(s, cur_match)
..\PNG\deflate.c(1266): warning:  #1294-D: Old-style function fill_window
  local void fill_window(s)
..\PNG\deflate.c(1390): warning:  #1294-D: Old-style function deflate_stored
  local block_state deflate_stored(s, flush)
..\PNG\deflate.c(1448): warning:  #1294-D: Old-style function deflate_fast
  local block_state deflate_fast(s, flush)
..\PNG\deflate.c(1554): warning:  #1294-D: Old-style function deflate_slow
  local block_state deflate_slow(s, flush)
..\PNG\deflate.c: 22 warnings, 0 errors
compiling GUI_PNG.c...
compiling IMAGE_PNG.c...
..\PNG\IMAGE_Private.h(161): warning:  #1-D: last line of file ends without a newline
  /*************************** End of file ****************************/
..\PNG\IMAGE_PNG.c: 1 warning, 0 errors
compiling infback.c...
..\PNG\infback.c(28): warning:  #1294-D: Old-style function inflateBackInit_
  int ZEXPORT inflateBackInit_(strm, windowBits, window, version, stream_size)
..\PNG\infback.c(73): warning:  #1294-D: Old-style function fixedtables
  local void fixedtables(state)
..\PNG\infback.c(241): warning:  #1294-D: Old-style function inflateBack
  int ZEXPORT inflateBack(strm, in, in_desc, out, out_desc)
..\PNG\infback.c(614): warning:  #1294-D: Old-style function inflateBackEnd
  int ZEXPORT inflateBackEnd(strm)
..\PNG\infback.c: 4 warnings, 0 errors
compiling inftrees.c...
compiling inffast.c...
..\PNG\inffast.c(67): warning:  #1294-D: Old-style function inflate_fast
  void inflate_fast(strm, start)
..\PNG\inffast.c: 1 warning, 0 errors
compiling inflate.c...
..\PNG\inflate.c(103): warning:  #1294-D: Old-style function inflateReset
  int ZEXPORT inflateReset(strm)
..\PNG\inflate.c(128): warning:  #1294-D: Old-style function inflatePrime
  int ZEXPORT inflatePrime(strm, bits, value)
..\PNG\inflate.c(144): warning:  #1294-D: Old-style function inflateInit2_
  int ZEXPORT inflateInit2_(strm, windowBits, version, stream_size)
..\PNG\inflate.c(187): warning:  #1294-D: Old-style function inflateInit_
  int ZEXPORT inflateInit_(strm, version, stream_size)
..\PNG\inflate.c(205): warning:  #1294-D: Old-style function fixedtables
  local void fixedtables(state)
..\PNG\inflate.c(323): warning:  #1294-D: Old-style function updatewindow
  local int updatewindow(strm, out)
..\PNG\inflate.c(554): warning:  #1294-D: Old-style function inflate
  int ZEXPORT inflate(strm, flush)
..\PNG\inflate.c(1155): warning:  #1294-D: Old-style function inflateEnd
  int ZEXPORT inflateEnd(strm)
..\PNG\inflate.c(1169): warning:  #1294-D: Old-style function inflateSetDictionary
  int ZEXPORT inflateSetDictionary(strm, dictionary, dictLength)
..\PNG\inflate.c(1211): warning:  #1294-D: Old-style function inflateGetHeader
  int ZEXPORT inflateGetHeader(strm, head)
..\PNG\inflate.c(1239): warning:  #1294-D: Old-style function syncsearch
  local unsigned syncsearch(have, buf, len)
..\PNG\inflate.c(1262): warning:  #1294-D: Old-style function inflateSync
  int ZEXPORT inflateSync(strm)
..\PNG\inflate.c(1313): warning:  #1294-D: Old-style function inflateSyncPoint
  int ZEXPORT inflateSyncPoint(strm)
..\PNG\inflate.c(1323): warning:  #1294-D: Old-style function inflateCopy
  int ZEXPORT inflateCopy(dest, source)
..\PNG\inflate.c: 14 warnings, 0 errors
compiling pngerror.c...
compiling png.c...
compiling pnggccrd.c...
compiling pngget.c...
compiling pngpread.c...
compiling pngmem.c...
compiling pngread.c...
compiling pngrio.c...
compiling pngrutil.c...
compiling pngrtran.c...
..\PNG\pngrtran.c(631): warning:  #1035-D: single-precision operand implicitly converted to double-precision
        int red_fixed = (int)((float)red*100000.0 + 0.5);
..\PNG\pngrtran.c(632): warning:  #1035-D: single-precision operand implicitly converted to double-precision
        int green_fixed = (int)((float)green*100000.0 + 0.5);
..\PNG\pngrtran.c(834): warning:  #1035-D: single-precision operand implicitly converted to double-precision
         && (fabs(png_ptr->screen_gamma * png_ptr->gamma - 1.0)
..\PNG\pngrtran.c(849): warning:  #1035-D: single-precision operand implicitly converted to double-precision
          png_ptr->gamma != 0.0)
..\PNG\pngrtran.c(884): warning:  #1035-D: single-precision operand implicitly converted to double-precision
                       g = 1.0 / (png_ptr->gamma);
..\PNG\pngrtran.c(885): warning:  #1035-D: single-precision operand implicitly converted to double-precision
                       gs = 1.0 / (png_ptr->gamma * png_ptr->screen_gamma);
..\PNG\pngrtran.c(888): warning:  #1035-D: single-precision operand implicitly converted to double-precision
                       g = 1.0 / (png_ptr->background_gamma);
..\PNG\pngrtran.c(889): warning:  #1035-D: single-precision operand implicitly converted to double-precision
                       gs = 1.0 / (png_ptr->background_gamma *
..\PNG\pngrtran.c(968): warning:  #1035-D: single-precision operand implicitly converted to double-precision
                    g = 1.0 / (png_ptr->gamma);
..\PNG\pngrtran.c(969): warning:  #1035-D: single-precision operand implicitly converted to double-precision
                    gs = 1.0 / (png_ptr->gamma * png_ptr->screen_gamma);
..\PNG\pngrtran.c(972): warning:  #1035-D: single-precision operand implicitly converted to double-precision
                    g = 1.0 / (png_ptr->background_gamma);
..\PNG\pngrtran.c(973): warning:  #1035-D: single-precision operand implicitly converted to double-precision
                    gs = 1.0 / (png_ptr->background_gamma *
..\PNG\pngrtran.c(3986): warning:  #1035-D: single-precision operand implicitly converted to double-precision
       if (png_ptr->screen_gamma > .000001)
..\PNG\pngrtran.c(3987): warning:  #1035-D: single-precision operand implicitly converted to double-precision
          g = 1.0 / (png_ptr->gamma * png_ptr->screen_gamma);
..\PNG\pngrtran.c(4005): warning:  #1035-D: single-precision operand implicitly converted to double-precision
          g = 1.0 / (png_ptr->gamma);
..\PNG\pngrtran.c(4020): warning:  #1035-D: single-precision operand implicitly converted to double-precision
          if(png_ptr->screen_gamma > 0.000001)
..\PNG\pngrtran.c(4021): warning:  #1035-D: single-precision operand implicitly converted to double-precision
             g = 1.0 / png_ptr->screen_gamma;
..\PNG\pngrtran.c(4074): warning:  #1035-D: single-precision operand implicitly converted to double-precision
       if (png_ptr->screen_gamma > .000001)
..\PNG\pngrtran.c(4075): warning:  #1035-D: single-precision operand implicitly converted to double-precision
          g = 1.0 / (png_ptr->gamma * png_ptr->screen_gamma);
..\PNG\pngrtran.c(4137): warning:  #1035-D: single-precision operand implicitly converted to double-precision
          g = 1.0 / (png_ptr->gamma);
..\PNG\pngrtran.c(4157): warning:  #1035-D: single-precision operand implicitly converted to double-precision
          if(png_ptr->screen_gamma > 0.000001)
..\PNG\pngrtran.c(4158): warning:  #1035-D: single-precision operand implicitly converted to double-precision
             g = 1.0 / png_ptr->screen_gamma;
..\PNG\pngrtran.c: 22 warnings, 0 errors
compiling pngset.c...
compiling pngtrans.c...
compiling pngvcrd.c...
compiling pngwio.c...
compiling pngwrite.c...
compiling pngwtran.c...
compiling uncompr.c...
..\PNG\uncompr.c(26): warning:  #1294-D: Old-style function uncompress
  int ZEXPORT uncompress (dest, destLen, source, sourceLen)
..\PNG\uncompr.c: 1 warning, 0 errors
compiling pngwutil.c...
compiling trees.c...
..\PNG\trees.c(382): warning:  #1294-D: Old-style function _tr_init
  void _tr_init(s)
..\PNG\trees.c(411): warning:  #1294-D: Old-style function init_block
  local void init_block(s)
..\PNG\trees.c(455): warning:  #1294-D: Old-style function pqdownheap
  local void pqdownheap(s, tree, k)
..\PNG\trees.c(490): warning:  #1294-D: Old-style function gen_bitlen
  local void gen_bitlen(s, desc)
..\PNG\trees.c(577): warning:  #1294-D: Old-style function gen_codes
  local void gen_codes (tree, max_code, bl_count)
..\PNG\trees.c(619): warning:  #1294-D: Old-style function build_tree
  local void build_tree(s, desc)
..\PNG\trees.c(707): warning:  #1294-D: Old-style function scan_tree
  local void scan_tree (s, tree, max_code)
..\PNG\trees.c(752): warning:  #1294-D: Old-style function send_tree
  local void send_tree (s, tree, max_code)
..\PNG\trees.c(803): warning:  #1294-D: Old-style function build_bl_tree
  local int build_bl_tree(s)
..\PNG\trees.c(838): warning:  #1294-D: Old-style function send_all_trees
  local void send_all_trees(s, lcodes, dcodes, blcodes)
..\PNG\trees.c(867): warning:  #1294-D: Old-style function _tr_stored_block
  void _tr_stored_block(s, buf, stored_len, eof)
..\PNG\trees.c(892): warning:  #1294-D: Old-style function _tr_align
  void _tr_align(s)
..\PNG\trees.c(921): warning:  #1294-D: Old-style function _tr_flush_block
  void _tr_flush_block(s, buf, stored_len, eof)
..\PNG\trees.c(1022): warning:  #1294-D: Old-style function _tr_tally
  int _tr_tally (s, dist, lc)
..\PNG\trees.c(1072): warning:  #1294-D: Old-style function compress_block
  local void compress_block(s, ltree, dtree)
..\PNG\trees.c(1126): warning:  #1294-D: Old-style function set_data_type
  local void set_data_type(s)
..\PNG\trees.c(1146): warning:  #1294-D: Old-style function bi_reverse
  local unsigned bi_reverse(code, len)
..\PNG\trees.c(1161): warning:  #1294-D: Old-style function bi_flush
  local void bi_flush(s)
..\PNG\trees.c(1178): warning:  #1294-D: Old-style function bi_windup
  local void bi_windup(s)
..\PNG\trees.c(1197): warning:  #1294-D: Old-style function copy_block
  local void copy_block(s, buf, len, header)
..\PNG\trees.c: 20 warnings, 0 errors
compiling zutil.c...
..\PNG\zutil.c(133): warning:  #1294-D: Old-style function zError
  const char * ZEXPORT zError(err)
..\PNG\zutil.c(300): warning:  #1294-D: Old-style function zcalloc
  voidpf zcalloc (opaque, items, size)
..\PNG\zutil.c(310): warning:  #1294-D: Old-style function zcfree
  void  zcfree (opaque, ptr)
..\PNG\zutil.c: 3 warnings, 0 errors
compiling usb_bsp.c...
compiling usbd_desc.c...
compiling usbd_storage_msd.c...
compiling usbd_usr.c...
compiling usb_dcd.c...
compiling usb_core.c...
compiling usb_dcd_int.c...
compiling usbd_ioreq.c...
compiling usbd_core.c...
compiling usbd_msc_bot.c...
compiling usbd_msc_data.c...
compiling usbd_msc_core.c...
compiling diskio.c...
..\FATFS\diskio.c(115): warning:  #188-D: enumerated type mixed with another type
  		return 0;
..\FATFS\diskio.c(124): warning:  #188-D: enumerated type mixed with another type
  		return 0;
..\FATFS\diskio.c(133): warning:  #188-D: enumerated type mixed with another type
  		return 0;
..\FATFS\diskio.c(161): warning:  #188-D: enumerated type mixed with another type
  		return 0;
..\FATFS\diskio.c(170): warning:  #188-D: enumerated type mixed with another type
  		return 0;
..\FATFS\diskio.c(179): warning:  #188-D: enumerated type mixed with another type
  		return 0;
..\FATFS\diskio.c: 6 warnings, 0 errors
compiling usbd_req.c...
compiling usbd_msc_scsi.c...
compiling cc936.c...
compiling ff.c...
compiling font.c...
compiling picture.c...
compiling weather.c...
..\DEMO\demo.h(28): warning:  #1-D: last line of file ends without a newline
  #endif
..\DEMO\weather.c(34): warning:  #870-D: invalid multibyte character sequence
  	GUI_DispStringAt("æ˜?æœ?å…? ",40,vscreen_off+190);
..\DEMO\weather.c(50): warning:  #1-D: last line of file ends without a newline
  	}
..\DEMO\weather.c(5): warning:  #177-D: variable "i" was declared but never referenced
  	u32 i=0;
..\DEMO\weather.c: 4 warnings, 0 errors
compiling time.c...
..\DEMO\demo.h(28): warning:  #1-D: last line of file ends without a newline
  #endif
..\DEMO\time.c(21): warning:  #870-D: invalid multibyte character sequence
  	GUI_DispStringAt("7â„? ",195,vscreen_off+30);
..\DEMO\time.c(31): warning:  #870-D: invalid multibyte character sequence
  	GUI_DispStringAt("æ˜?æœ?å…? ",185,vscreen_off+115);
..\DEMO\time.c: 3 warnings, 0 errors
compiling nav.c...
..\DEMO\demo.h(28): warning:  #1-D: last line of file ends without a newline
  #endif
..\DEMO\nav.c: 1 warning, 0 errors
compiling motion.c...
..\DEMO\demo.h(28): warning:  #1-D: last line of file ends without a newline
  #endif
..\DEMO\motion.c(331): warning:  #223-D: function "abs" declared implicitly
  		if(abs(x)>abs(y))
..\DEMO\motion.c(318): warning:  #177-D: variable "d" was declared but never referenced
  	int i=0,d=0;
..\DEMO\motion.c(319): warning:  #177-D: variable "num" was declared but never referenced
  	int x,y,dx,dy,num;
..\DEMO\motion.c(397): warning:  #61-D: integer operation result is out of range
  	_GUI_SetColor((0xff<<24) | (185<<16) | (115<<8) | 62);
..\DEMO\motion.c(403): warning:  #61-D: integer operation result is out of range
  	_GUI_SetColor((0xff<<24) | (185<<16) | (115<<8) | 62);
..\DEMO\motion.c(422): warning:  #61-D: integer operation result is out of range
  	_GUI_SetColor((0xff<<24) | (35<<16) | (30<<8) | 173);
..\DEMO\motion.c(425): warning:  #61-D: integer operation result is out of range
  	_GUI_SetColor((0xff<<24) | (35<<16) | (30<<8) | 173);
..\DEMO\motion.c: 8 warnings, 0 errors
linking...
Program Size: Code=141596 RO-data=192056 RW-data=764 ZI-data=14485132  
FromELF: creating hex file...
".\Objects\STM32F429.axf" - 0 Error(s), 129 Warning(s).

<h2>Collection of Component include folders:</h2>
  E:\material\glass\workspace\program\17.STM32429+lcos+demo\USER\RTE
  d:\Keil_v5\ARM\PACK\Keil\STM32F4xx_DFP\2.8.0\Drivers\CMSIS\Device\ST\STM32F4xx\Include

<h2>Collection of Component Files used:</h2>
Build Time Elapsed:  00:00:47
</pre>
</body>
</html>
