(---------------------------------------------------------------------)
(                                                                     )
(    Allegro Netrev Import Logic                                      )
(                                                                     )
(    Drawing          : test-bluetooth.brd                            )
(    Software Version : 16.6S049                                      )
(    Date/Time        : Tue Dec 29 14:54:40 2015                      )
(                                                                     )
(---------------------------------------------------------------------)


------ Directives ------------

Ripup etch:                  No
Ripup delete first segment:  No
Ripup retain bondwire:       No
Ripup symbols:               Always
Missing symbol has error:    No
DRC update:                  Yes
Schematic directory:         'E:/material/glass/pcb/4.test-buletooth/sch/allegro'
Design Directory:            '.'
Old design name:             'E:/material/glass/pcb/4.test-buletooth/pcb/test-bluetooth.brd'
New design name:             'E:/material/glass/pcb/4.test-buletooth/pcb/test-bluetooth.brd'

CmdLine: netrev -$ -i E:/material/glass/pcb/4.test-buletooth/sch/allegro -y 1 -q netrev_constraint_report.xml E:/material/glass/pcb/4.test-buletooth/pcb/#Taaaaax13940.tmp

------ Preparing to read pst files ------

Starting to read E:/material/glass/pcb/4.test-buletooth/sch/allegro/pstchip.dat 
   Finished reading E:/material/glass/pcb/4.test-buletooth/sch/allegro/pstchip.dat (00:00:00.06)
Starting to read E:/material/glass/pcb/4.test-buletooth/sch/allegro/pstxprt.dat 
   Finished reading E:/material/glass/pcb/4.test-buletooth/sch/allegro/pstxprt.dat (00:00:00.00)
Starting to read E:/material/glass/pcb/4.test-buletooth/sch/allegro/pstxnet.dat 
   Finished reading E:/material/glass/pcb/4.test-buletooth/sch/allegro/pstxnet.dat (00:00:00.00)

------ Oversights/Warnings/Errors ------


------ Library Paths ------
MODULEPATH =  . 
           d:/Cadence/SPB_16.6/share/local/pcb/modules 

PSMPATH =  . 
           symbols 
           .. 
           ../symbols 
           d:/Cadence/SPB_16.6/share/local/pcb/symbols 
           d:/Cadence/SPB_16.6/share/pcb/pcb_lib/symbols 
           d:/Cadence/SPB_16.6/share/pcb/allegrolib/symbols 
           E:/candence lib/PSM/ 

PADPATH =  . 
           symbols 
           .. 
           ../symbols 
           d:/Cadence/SPB_16.6/share/local/pcb/padstacks 
           d:/Cadence/SPB_16.6/share/pcb/pcb_lib/symbols 
           d:/Cadence/SPB_16.6/share/pcb/allegrolib/symbols 
           E:/CANDENCE LIB/PAD/ 


------ Summary Statistics ------


netrev run on Dec 29 14:54:40 2015
   DESIGN NAME : 'TEST-BULETOOTH'
   PACKAGING ON Oct 15 2014 05:53:32

   COMPILE 'logic'
   CHECK_PIN_NAMES OFF
   CROSS_REFERENCE OFF
   FEEDBACK OFF
   INCREMENTAL OFF
   INTERFACE_TYPE PHYSICAL
   MAX_ERRORS 500
   MERGE_MINIMUM 5
   NET_NAME_CHARS '#%&()*+-./:=>?@[]^_`|'
   NET_NAME_LENGTH 24
   OVERSIGHTS ON
   REPLACE_CHECK OFF
   SINGLE_NODE_NETS ON
   SPLIT_MINIMUM 0
   SUPPRESS   20
   WARNINGS ON

 No error detected
 No oversight detected
 No warning detected

cpu time      0:00:59
elapsed time  0:00:00

